test.jpg	test gt
test copy.jpg	test copy gt
